// Jest Snapshot v1, https://goo.gl/fbAQLP

exports[`<StaticTabbar /> should match snapshot 1`] = `ShallowWrapper {}`;
